
> medi-track@0.1.0 build
> next build

  Ôû▓ Next.js 14.2.4
  - Environments: .env.local, .env

   Creating an optimized production build ...
 Ô£ô Compiled successfully
   Linting and checking validity of types ...
